
Memory Configuration

Name             Origin             Length             Attributes
*default*        0x00000000         0xffffffff

Linker script and memory map


.vects          0x00000000        0x4
 *(.vects)
 .vects         0x00000000        0x4 C:\WorkSpace\Valtr_A22B0107P\Valtr_A22B0107P\Debug\vects.o
                0x00000000                HardwareVectors

.text           0x00000400      0x1bc
 *(.text)
 .text          0x00000400        0x0 C:\WorkSpace\Valtr_A22B0107P\Valtr_A22B0107P\Debug\vects.o
 .text          0x00000400      0x1bc C:\WorkSpace\Valtr_A22B0107P\Valtr_A22B0107P\Debug\main.o
                0x00000400                start
 *(.text.*)
                0x000005bc                etext = .

.init
 *(.init)

.fini
 *(.fini)

.got
 *(.got)
 *(.got.plt)

.rodata         0x000005bc        0x0
 *(.rodata)
 *(.rodata.*)
                0x000005bc                _erodata = .

.eh_frame_hdr
 *(.eh_frame_hdr)

.eh_frame
 *(.eh_frame)

.jcr
 *(.jcr)

.tors           0x000005bc        0x0
                0x000005bc                __CTOR_LIST__ = .
                0x000005bc                ___ctors = .
 *(.ctors)
                0x000005bc                ___ctors_end = .
                0x000005bc                __CTOR_END__ = .
                0x000005bc                __DTOR_LIST__ = .
                0x000005bc                ___dtors = .
 *(.dtors)
                0x000005bc                ___dtors_end = .
                0x000005bc                __DTOR_END__ = .
                0x000005bc                _mdata = .

.data           0x00ff4000      0x1e0
                0x00ff4000                _data = .
 *(.data)
 .data          0x00ff4000        0x0 C:\WorkSpace\Valtr_A22B0107P\Valtr_A22B0107P\Debug\vects.o
 .data          0x00ff4000      0x1e0 C:\WorkSpace\Valtr_A22B0107P\Valtr_A22B0107P\Debug\main.o
 *(.data.*)
                0x00ff41e0                _edata = .

.gcc_exc
 *(.gcc_exc)

.bss            0x00ff41e0        0x0
                0x00ff41e0                _bss = .
 *(.bss)
 .bss           0x00ff41e0        0x0 C:\WorkSpace\Valtr_A22B0107P\Valtr_A22B0107P\Debug\vects.o
 .bss           0x00ff41e0        0x0 C:\WorkSpace\Valtr_A22B0107P\Valtr_A22B0107P\Debug\main.o
 *(.bss.*)
 *(COMMON)
                0x00ff41e0                _ebss = .
                0x00ff41e0                _end = .

.stack          0x00ffc000        0x0
                0x00ffc000                _stack = .
LOAD C:\WorkSpace\Valtr_A22B0107P\Valtr_A22B0107P\Debug\vects.o
LOAD C:\WorkSpace\Valtr_A22B0107P\Valtr_A22B0107P\Debug\main.o
START GROUP
LOAD c:\program files (x86)\renesas\hew\tools\kpit cummins\gnuh8-elf\v11.02\h8300-elf\lib\gcc\h8300-elf\4.5-GNUH8_v11.02\h8300s\libgcc.a
LOAD c:\program files (x86)\renesas\hew\tools\kpit cummins\gnuh8-elf\v11.02\h8300-elf\h8300-elf\lib\h8300s\liboptc.a
LOAD c:\program files (x86)\renesas\hew\tools\kpit cummins\gnuh8-elf\v11.02\h8300-elf\h8300-elf\lib\h8300s\liboptm.a
END GROUP
OUTPUT(C:\WorkSpace\Valtr_A22B0107P\Valtr_A22B0107P\Debug\Valtr_A22B0107P.x elf32-h8300)

.debug_abbrev   0x00000000       0x78
 .debug_abbrev  0x00000000       0x64 C:\WorkSpace\Valtr_A22B0107P\Valtr_A22B0107P\Debug\vects.o
 .debug_abbrev  0x00000064       0x14 C:\WorkSpace\Valtr_A22B0107P\Valtr_A22B0107P\Debug\main.o

.debug_info     0x00000000       0xfc
 .debug_info    0x00000000       0x62 C:\WorkSpace\Valtr_A22B0107P\Valtr_A22B0107P\Debug\vects.o
 .debug_info    0x00000062       0x9a C:\WorkSpace\Valtr_A22B0107P\Valtr_A22B0107P\Debug\main.o

.debug_line     0x00000000      0x14a
 .debug_line    0x00000000       0x5c C:\WorkSpace\Valtr_A22B0107P\Valtr_A22B0107P\Debug\vects.o
 .debug_line    0x0000005c       0xee C:\WorkSpace\Valtr_A22B0107P\Valtr_A22B0107P\Debug\main.o

.debug_pubnames
                0x00000000       0x26
 .debug_pubnames
                0x00000000       0x26 C:\WorkSpace\Valtr_A22B0107P\Valtr_A22B0107P\Debug\vects.o

.debug_pubtypes
                0x00000000       0x19
 .debug_pubtypes
                0x00000000       0x19 C:\WorkSpace\Valtr_A22B0107P\Valtr_A22B0107P\Debug\vects.o

.debug_str      0x00000000       0x6e
 .debug_str     0x00000000       0x6e C:\WorkSpace\Valtr_A22B0107P\Valtr_A22B0107P\Debug\vects.o

.comment        0x00000000       0x1c
 .comment       0x00000000       0x1c C:\WorkSpace\Valtr_A22B0107P\Valtr_A22B0107P\Debug\vects.o
                                 0x1d (size before relaxing)

.debug_aranges  0x00000000       0x20
 .debug_aranges
                0x00000000       0x20 C:\WorkSpace\Valtr_A22B0107P\Valtr_A22B0107P\Debug\main.o


==============================================================

Listfile generated by KPIT GNUH8 [ELF]-v11.02 on Wednesday, July 19, 2023, 15:56:32

Build options:

-T "C:\WorkSpace\Valtr_A22B0107P\Valtr_A22B0107P\Debug\Valtr_A22B0107P_Debug_auto.gsi"
-T "C:\WorkSpace\Valtr_A22B0107P\Valtr_A22B0107P\Debug\Valtr_A22B0107P_input.tmp" 
-L "c:\program files (x86)\renesas\hew\tools\kpit cummins\gnuh8-elf\v11.02\h8300-elf\lib\gcc\h8300-elf\4.5-GNUH8_v11.02\h8300s"
-L "c:\program files (x86)\renesas\hew\tools\kpit cummins\gnuh8-elf\v11.02\h8300-elf\h8300-elf\lib\h8300s"
-Map "C:\WorkSpace\Valtr_A22B0107P\Valtr_A22B0107P\Debug\Valtr_A22B0107P.map"
-( -l "gcc" -l "optc" -l "optm" -)
-o "C:\WorkSpace\Valtr_A22B0107P\Valtr_A22B0107P\Debug\Valtr_A22B0107P.x"
-e _start
INPUT("C:\WorkSpace\Valtr_A22B0107P\Valtr_A22B0107P\Debug\vects.o")
INPUT("C:\WorkSpace\Valtr_A22B0107P\Valtr_A22B0107P\Debug\main.o")
